src/app/search/components/FilterSidebar.tsx(170,133): error TS2345: Argument of type 'number | undefined' is not assignable to parameter of type 'string'.
  Type 'undefined' is not assignable to type 'string'.
src/app/search/components/FilterSidebar.tsx(174,133): error TS2345: Argument of type 'number | undefined' is not assignable to parameter of type 'string'.
  Type 'undefined' is not assignable to type 'string'.
src/app/search/components/FilterSidebar.tsx(244,132): error TS2345: Argument of type 'number | undefined' is not assignable to parameter of type 'string'.
  Type 'undefined' is not assignable to type 'string'.
src/app/search/components/FilterSidebar.tsx(248,132): error TS2345: Argument of type 'number | undefined' is not assignable to parameter of type 'string'.
  Type 'undefined' is not assignable to type 'string'.
